--- Starting Integration Test ---
Trying to connect with: mongodb://localhost:27017/mobile_pos_db
node : (node:5008) 
[MONGOOSE] Warning: 
Duplicate schema 
index on 
{"invoiceNo":1} 
found. This is often 
due to declaring an 
index using both 
"index: true" and 
"schema.index()". 
Please remove the 
duplicate index 
definition.
At line:1 char:1
+ node tests/integrati
on_test.js > 
test_output.txt 2>&1
+ ~~~~~~~~~~~~~~~~~~~~
~~~~~~~~~~~~~~~~~~~~~~
~~~~~~~~~~~
    + CategoryInfo    
          : NotSpeci  
  fied: ((node:5008   
 ) [MO...dex defin    
ition.:String) []    
, RemoteException
    + FullyQualifiedE 
   rrorId : NativeCo  
  mmandError
 
(Use `node 
--trace-warnings ...` 
to show where the 
warning was created)
Connected to MongoDB
Admin User Created: testadmin_test_1769870299557
Token generated
Server is running
Creating Product...
--- TEST FAILED ---
Error: Product 
creation failed: 
{"message":"Product 
validation failed: 
sellingPrice: Path 
`sellingPrice` is 
required., 
gstPercent: Path 
`gstPercent` is 
required."}
    at runTest (file:/
//D:/Software/Create/S
hop/backend/tests/inte
gration_test.js:97:32)
    at process.process
TicksAndRejections (no
de:internal/process/ta
sk_queues:103:5)
Cleaning up...
